// Vitest Snapshot v1, https://vitest.dev/guide/snapshot.html

exports[`ModalConfirmCancel > should equal saved snapshot 1`] = `
<ForwardRef(Dialog)
  id="modal-confirm-cancel"
  onClose={[Function]}
  open={true}
>
  <ForwardRef(DialogTitle)>
    header
  </ForwardRef(DialogTitle)>
  <ForwardRef(DialogContent)>
    <ForwardRef(DialogContentText)>
      body
    </ForwardRef(DialogContentText)>
  </ForwardRef(DialogContent)>
  <ForwardRef(DialogActions)>
    <ForwardRef(Button)
      autoFocus={true}
      color="primary"
      id="modal-confirm-cancel-button-confirm"
      onClick={[Function]}
      variant="contained"
    >
      confirm
    </ForwardRef(Button)>
    <ForwardRef(Button)
      color="primary"
      id="modal-confirm-cancel-button-cancel"
      onClick={[Function]}
      variant="outlined"
    >
      cancel
    </ForwardRef(Button)>
  </ForwardRef(DialogActions)>
</ForwardRef(Dialog)>
`;
